
Monday 23 February  09:00:19 AEDT 2015
Current directory is /home/mich/src/move
Runnings as user mich

/home/mich/src/move/lg/a//home/mich/src/move/sm/a/e.jpg
/home/mich/src/move/sm/a/c.jpg
/home/mich/src/move/sm/a/a. a.a.a.jpg
/home/mich/src/move/sm/a/d.jpg
/home/mich/src/move/sm/a/a.a.jpg
/home/mich/src/move/sm/a/a.jpg
/home/mich/src/move/sm/a/a.a.a.jpg
/home/mich/src/move/sm/a/b.jpg not found

Monday 23 February  09:00:59 AEDT 2015
Current directory is /home/mich/src/move
Runnings as user mich

/home/mich/src/move/lg/a//home/mich/src/move/sm/a/e.jpg
/home/mich/src/move/sm/a/c.jpg
/home/mich/src/move/sm/a/a. a.a.a.jpg
/home/mich/src/move/sm/a/d.jpg
/home/mich/src/move/sm/a/a.a.jpg
/home/mich/src/move/sm/a/a.jpg
/home/mich/src/move/sm/a/a.a.a.jpg
/home/mich/src/move/sm/a/b.jpg not found

Monday 23 February  09:01:49 AEDT 2015
Current directory is /home/mich/src/move
Runnings as user mich

/home/mich/src/move/lg/a//home/mich/src/move/sm/a/e.jpg
/home/mich/src/move/sm/a/c.jpg
/home/mich/src/move/sm/a/a. a.a.a.jpg
/home/mich/src/move/sm/a/d.jpg
/home/mich/src/move/sm/a/a.a.jpg
/home/mich/src/move/sm/a/a.jpg
/home/mich/src/move/sm/a/a.a.a.jpg
/home/mich/src/move/sm/a/b.jpg not found

Monday 23 February  09:02:16 AEDT 2015
Current directory is /home/mich/src/move
Runnings as user mich

/home/mich/src/move/lg/a//home/mich/src/move/sm/a/e.jpg not found
/home/mich/src/move/lg/a//home/mich/src/move/sm/a/c.jpg not found
/home/mich/src/move/lg/a//home/mich/src/move/sm/a/a. not found
/home/mich/src/move/lg/a/a.a.a.jpg not found
/home/mich/src/move/lg/a//home/mich/src/move/sm/a/d.jpg not found
/home/mich/src/move/lg/a//home/mich/src/move/sm/a/a.a.jpg not found
/home/mich/src/move/lg/a//home/mich/src/move/sm/a/a.jpg not found
/home/mich/src/move/lg/a//home/mich/src/move/sm/a/a.a.a.jpg not found
/home/mich/src/move/lg/a//home/mich/src/move/sm/a/b.jpg not found

Monday 23 February  09:05:35 AEDT 2015
Current directory is /home/mich/src/move
Runnings as user mich

/home/mich/src/move/lg/a//home/mich/src/move/sm/a/e.jpg
/home/mich/src/move/sm/a/c.jpg
/home/mich/src/move/sm/a/a. a.a.a.jpg
/home/mich/src/move/sm/a/d.jpg
/home/mich/src/move/sm/a/a.a.jpg
/home/mich/src/move/sm/a/a.jpg
/home/mich/src/move/sm/a/a.a.a.jpg
/home/mich/src/move/sm/a/b.jpg not found

Monday 23 February  09:06:19 AEDT 2015
Current directory is /home/mich/src/move
Runnings as user mich

/home/mich/src/move/lg/a//home/mich/src/move/sm/a/e.jpg
/home/mich/src/move/sm/a/c.jpg
/home/mich/src/move/sm/a/a. a.a.a.jpg
/home/mich/src/move/sm/a/d.jpg
/home/mich/src/move/sm/a/a.a.jpg
/home/mich/src/move/sm/a/a.jpg
/home/mich/src/move/sm/a/a.a.a.jpg
/home/mich/src/move/sm/a/b.jpg not found

Monday 23 February  09:06:55 AEDT 2015
Current directory is /home/mich/src/move
Runnings as user mich

/home/mich/src/move/lg/a//home/mich/src/move/sm/a/e.jpg not found
/home/mich/src/move/lg/a//home/mich/src/move/sm/a/c.jpg not found
/home/mich/src/move/lg/a//home/mich/src/move/sm/a/a. not found
/home/mich/src/move/lg/a/a.a.a.jpg not found
/home/mich/src/move/lg/a//home/mich/src/move/sm/a/d.jpg not found
/home/mich/src/move/lg/a//home/mich/src/move/sm/a/a.a.jpg not found
/home/mich/src/move/lg/a//home/mich/src/move/sm/a/a.jpg not found
/home/mich/src/move/lg/a//home/mich/src/move/sm/a/a.a.a.jpg not found
/home/mich/src/move/lg/a//home/mich/src/move/sm/a/b.jpg not found

Monday 23 February  09:07:54 AEDT 2015
Current directory is /home/mich/src/move
Runnings as user mich

/home/mich/src/move/lg/a//home/mich/src/move/sm/a/e.jpg
/home/mich/src/move/sm/a/c.jpg
/home/mich/src/move/sm/a/a. a.a.a.jpg
/home/mich/src/move/sm/a/d.jpg
/home/mich/src/move/sm/a/a.a.jpg
/home/mich/src/move/sm/a/a.jpg
/home/mich/src/move/sm/a/a.a.a.jpg
/home/mich/src/move/sm/a/b.jpg not found

Monday 23 February  09:10:30 AEDT 2015
Current directory is /home/mich/src/move
Runnings as user mich

/home/mich/src/move/lg/a//home/mich/src/move/sm/a/a. a.a.a.jpg not found
/home/mich/src/move/lg/a//home/mich/src/move/sm/a/a.a.a.jpg not found
/home/mich/src/move/lg/a//home/mich/src/move/sm/a/a.a.jpg not found
/home/mich/src/move/lg/a//home/mich/src/move/sm/a/a.jpg not found
/home/mich/src/move/lg/a//home/mich/src/move/sm/a/b.jpg not found
/home/mich/src/move/lg/a//home/mich/src/move/sm/a/c.jpg not found
/home/mich/src/move/lg/a//home/mich/src/move/sm/a/d.jpg not found
/home/mich/src/move/lg/a//home/mich/src/move/sm/a/e.jpg not found

Monday 23 February  09:12:57 AEDT 2015
Current directory is /home/mich/src/move
Runnings as user mich


Monday 23 February  09:13:12 AEDT 2015
Current directory is /home/mich/src/move
Runnings as user mich

/home/mich/src/move/lg/a//home/mich/src/move/sm/a/a. a.a.a.jpg not found
/home/mich/src/move/lg/a//home/mich/src/move/sm/a/a.a.a.jpg not found
/home/mich/src/move/lg/a//home/mich/src/move/sm/a/a.a.jpg not found
/home/mich/src/move/lg/a//home/mich/src/move/sm/a/a.jpg not found
/home/mich/src/move/lg/a//home/mich/src/move/sm/a/b.jpg not found
/home/mich/src/move/lg/a//home/mich/src/move/sm/a/c.jpg not found
/home/mich/src/move/lg/a//home/mich/src/move/sm/a/d.jpg not found
/home/mich/src/move/lg/a//home/mich/src/move/sm/a/e.jpg not found

Monday 23 February  09:13:39 AEDT 2015
Current directory is /home/mich/src/move
Runnings as user mich

/home/mich/src/move/lg/a//home/mich/src/move/sm/a/a. a.a.a.jpg not found
/home/mich/src/move/lg/a//home/mich/src/move/sm/a/a.a.a.jpg not found
/home/mich/src/move/lg/a//home/mich/src/move/sm/a/a.a.jpg not found
/home/mich/src/move/lg/a//home/mich/src/move/sm/a/a.jpg not found
/home/mich/src/move/lg/a//home/mich/src/move/sm/a/b.jpg not found
/home/mich/src/move/lg/a//home/mich/src/move/sm/a/c.jpg not found
/home/mich/src/move/lg/a//home/mich/src/move/sm/a/d.jpg not found
/home/mich/src/move/lg/a//home/mich/src/move/sm/a/e.jpg not found

Monday 23 February  09:14:04 AEDT 2015
Current directory is /home/mich/src/move
Runnings as user mich

/home/mich/src/move/lg/a//home/mich/src/move/sm/a/a. a.a.a.jpg not found
/home/mich/src/move/lg/a//home/mich/src/move/sm/a/a.a.a.jpg not found
/home/mich/src/move/lg/a//home/mich/src/move/sm/a/a.a.jpg not found
/home/mich/src/move/lg/a//home/mich/src/move/sm/a/a.jpg not found
/home/mich/src/move/lg/a//home/mich/src/move/sm/a/b.jpg not found
/home/mich/src/move/lg/a//home/mich/src/move/sm/a/c.jpg not found
/home/mich/src/move/lg/a//home/mich/src/move/sm/a/d.jpg not found
/home/mich/src/move/lg/a//home/mich/src/move/sm/a/e.jpg not found

Monday 23 February  09:15:14 AEDT 2015
Current directory is /home/mich/src/move
Runnings as user mich

/home/mich/src/move/lg/a//home/mich/src/move/sm/a/a. a.a.a.jpg not found
/home/mich/src/move/lg/a//home/mich/src/move/sm/a/a.a.a.jpg not found
/home/mich/src/move/lg/a//home/mich/src/move/sm/a/a.a.jpg not found
/home/mich/src/move/lg/a//home/mich/src/move/sm/a/a.jpg not found
/home/mich/src/move/lg/a//home/mich/src/move/sm/a/b.jpg not found
/home/mich/src/move/lg/a//home/mich/src/move/sm/a/c.jpg not found
/home/mich/src/move/lg/a//home/mich/src/move/sm/a/d.jpg not found
/home/mich/src/move/lg/a//home/mich/src/move/sm/a/e.jpg not found

Monday 23 February  09:16:49 AEDT 2015
Current directory is /home/mich/src/move
Runnings as user mich

/home/mich/src/move/lg/a//home/mich/src/move/sm/a/a. a.a.a.jpg not found
/home/mich/src/move/lg/a//home/mich/src/move/sm/a/a.a.a.jpg not found
/home/mich/src/move/lg/a//home/mich/src/move/sm/a/a.a.jpg not found
/home/mich/src/move/lg/a//home/mich/src/move/sm/a/a.jpg not found
/home/mich/src/move/lg/a//home/mich/src/move/sm/a/b.jpg not found
/home/mich/src/move/lg/a//home/mich/src/move/sm/a/c.jpg not found
/home/mich/src/move/lg/a//home/mich/src/move/sm/a/d.jpg not found
/home/mich/src/move/lg/a//home/mich/src/move/sm/a/e.jpg not found

Monday 23 February  09:17:05 AEDT 2015
Current directory is /home/mich/src/move
Runnings as user mich

/home/mich/src/move/lg/a//home/mich/src/move/sm/a/a. a.a.a.jpg not found
/home/mich/src/move/lg/a//home/mich/src/move/sm/a/a.a.a.jpg not found
/home/mich/src/move/lg/a//home/mich/src/move/sm/a/a.a.jpg not found
/home/mich/src/move/lg/a//home/mich/src/move/sm/a/a.jpg not found
/home/mich/src/move/lg/a//home/mich/src/move/sm/a/b.jpg not found
/home/mich/src/move/lg/a//home/mich/src/move/sm/a/c.jpg not found
/home/mich/src/move/lg/a//home/mich/src/move/sm/a/d.jpg not found
/home/mich/src/move/lg/a//home/mich/src/move/sm/a/e.jpg not found

Monday 23 February  09:18:02 AEDT 2015
Current directory is /home/mich/src/move
Runnings as user mich

/home/mich/src/move/lg/a//home/mich/src/move/sm/a/a. a.a.a.jpg not found
/home/mich/src/move/lg/a//home/mich/src/move/sm/a/a.a.a.jpg not found
/home/mich/src/move/lg/a//home/mich/src/move/sm/a/a.a.jpg not found
/home/mich/src/move/lg/a//home/mich/src/move/sm/a/a.jpg not found
/home/mich/src/move/lg/a//home/mich/src/move/sm/a/b.jpg not found
/home/mich/src/move/lg/a//home/mich/src/move/sm/a/c.jpg not found
/home/mich/src/move/lg/a//home/mich/src/move/sm/a/d.jpg not found
/home/mich/src/move/lg/a//home/mich/src/move/sm/a/e.jpg not found

Monday 23 February  09:18:25 AEDT 2015
Current directory is /home/mich/src/move
Runnings as user mich

/home/mich/src/move/lg/a//home/mich/src/move/sm/a/a.a.a.jpg not found
/home/mich/src/move/lg/a//home/mich/src/move/sm/a/e.jpg not found

Monday 23 February  09:18:44 AEDT 2015
Current directory is /home/mich/src/move
Runnings as user mich

/home/mich/src/move/lg/a//home/mich/src/move/sm/a/a.a.a.jpg not found
/home/mich/src/move/lg/a//home/mich/src/move/sm/a/e.jpg not found

Monday 23 February  09:20:06 AEDT 2015
Current directory is /home/mich/src/move
Runnings as user mich

/home/mich/src/move/lg/a//home/mich/src/move/sm/a/a.a.a.jpg not found
/home/mich/src/move/lg/a//home/mich/src/move/sm/a/e.jpg not found

Monday 23 February  09:26:29 AEDT 2015
Current directory is /home/mich/src/move
Runnings as user mich

/home/mich/src/move/lg/a/a.a.a.jpg not found
/home/mich/src/move/lg/a/e.jpg not found
/home/mich/src/move/lg/a/* has no corresponding small file

Monday 23 February  09:27:24 AEDT 2015
Current directory is /home/mich/src/move
Runnings as user mich

/home/mich/src/move/lg/a/a. a.a.a.jpg not found
/home/mich/src/move/lg/a/a. a.a.a_large.jpg not found
/home/mich/src/move/lg/a/a.a.a.jpg not found
/home/mich/src/move/lg/a/a.a.jpg not found
/home/mich/src/move/lg/a/a.a_large.jpg not found
/home/mich/src/move/lg/a/a.jpg not found
/home/mich/src/move/lg/a/a_large.jpg not found
/home/mich/src/move/lg/a/b.jpg not found
/home/mich/src/move/lg/a/b_large.jpg not found
/home/mich/src/move/lg/a/c.jpg not found
/home/mich/src/move/lg/a/c_large.jpg not found
/home/mich/src/move/lg/a/d.jpg not found
/home/mich/src/move/lg/a/d_large.jpg not found
/home/mich/src/move/lg/a/e.jpg not found
/home/mich/src/move/lg/a/* has no corresponding small file
